{
    "jurkat_293t - bam, vcf": {
        "content": [
            {
                "0": [
                    [
                        {
                            "id": "test",
                            "single_end": false
                        },
                        "test_alt_filtered.csv:md5,ee17ebfc5581177c9f7aed21c3e9ecb7"
                    ]
                ],
                "1": [
                    [
                        {
                            "id": "test",
                            "single_end": false
                        },
                        "test_ref_filtered.csv:md5,50e9bf67341ff90930b2125c0c8d8923"
                    ]
                ],
                "2": [
                    [
                        {
                            "id": "test",
                            "single_end": false
                        },
                        "test_scSplit.log:md5,c9e9880b9ea2310e39f3897915d9a138"
                    ]
                ],
                "3": [
                    "versions.yml:md5,5805e8fd2d326c0e9a404729f4d8b6ab"
                ],
                "alf_filtered": [
                    [
                        {
                            "id": "test",
                            "single_end": false
                        },
                        "test_alt_filtered.csv:md5,ee17ebfc5581177c9f7aed21c3e9ecb7"
                    ]
                ],
                "log": [
                    [
                        {
                            "id": "test",
                            "single_end": false
                        },
                        "test_scSplit.log:md5,c9e9880b9ea2310e39f3897915d9a138"
                    ]
                ],
                "ref_filtered": [
                    [
                        {
                            "id": "test",
                            "single_end": false
                        },
                        "test_ref_filtered.csv:md5,50e9bf67341ff90930b2125c0c8d8923"
                    ]
                ],
                "versions": [
                    "versions.yml:md5,5805e8fd2d326c0e9a404729f4d8b6ab"
                ]
            }
        ],
        "meta": {
            "nf-test": "0.8.4",
            "nextflow": "23.10.0"
        },
        "timestamp": "2024-03-20T14:19:23.784594"
    },
    "jurkat_293t - bam, vcf - stub": {
        "content": [
            {
                "0": [
                    [
                        {
                            "id": "test",
                            "single_end": false
                        },
                        "test_alt_filtered.csv:md5,d41d8cd98f00b204e9800998ecf8427e"
                    ]
                ],
                "1": [
                    [
                        {
                            "id": "test",
                            "single_end": false
                        },
                        "test_ref_filtered.csv:md5,d41d8cd98f00b204e9800998ecf8427e"
                    ]
                ],
                "2": [
                    [
                        {
                            "id": "test",
                            "single_end": false
                        },
                        "test_scSplit.log:md5,d41d8cd98f00b204e9800998ecf8427e"
                    ]
                ],
                "3": [
                    "versions.yml:md5,5805e8fd2d326c0e9a404729f4d8b6ab"
                ],
                "alf_filtered": [
                    [
                        {
                            "id": "test",
                            "single_end": false
                        },
                        "test_alt_filtered.csv:md5,d41d8cd98f00b204e9800998ecf8427e"
                    ]
                ],
                "log": [
                    [
                        {
                            "id": "test",
                            "single_end": false
                        },
                        "test_scSplit.log:md5,d41d8cd98f00b204e9800998ecf8427e"
                    ]
                ],
                "ref_filtered": [
                    [
                        {
                            "id": "test",
                            "single_end": false
                        },
                        "test_ref_filtered.csv:md5,d41d8cd98f00b204e9800998ecf8427e"
                    ]
                ],
                "versions": [
                    "versions.yml:md5,5805e8fd2d326c0e9a404729f4d8b6ab"
                ]
            }
        ],
        "meta": {
            "nf-test": "0.8.4",
            "nextflow": "23.10.0"
        },
        "timestamp": "2024-03-20T12:02:42.949871"
    }
}